\BOOKMARK [1][-]{section.1}{\376\377\000I\000n\000t\000r\000o\000d\000u\000\347\000\343\000o}{}% 1
\BOOKMARK [1][-]{section.2}{\376\377\000R\000e\000f\000e\000r\000e\000n\000c\000i\000a\000l\000\040\000T\000e\000\363\000r\000i\000c\000o}{}% 2
\BOOKMARK [2][-]{subsection.2.1}{\376\377\000V\000i\000r\000t\000u\000a\000l\000\040\000N\000e\000t\000w\000o\000r\000k\000\040\000E\000m\000b\000e\000d\000d\000i\000n\000g}{section.2}% 3
\BOOKMARK [2][-]{subsection.2.2}{\376\377\000X\000G\000B\000o\000o\000s\000t}{section.2}% 4
\BOOKMARK [2][-]{subsection.2.3}{\376\377\000S\000e\000l\000e\000\347\000\343\000o\000\040\000d\000e\000\040\000A\000l\000g\000o\000r\000i\000t\000m\000o\000s}{section.2}% 5
\BOOKMARK [2][-]{subsection.2.4}{\376\377\000V\000i\000R\000N\000E\000:\000\040\000P\000l\000a\000t\000a\000f\000o\000r\000m\000a\000\040\000d\000e\000\040\000B\000e\000n\000c\000h\000m\000a\000r\000k}{section.2}% 6
\BOOKMARK [1][-]{section.3}{\376\377\000M\000e\000t\000o\000d\000o\000l\000o\000g\000i\000a}{}% 7
\BOOKMARK [2][-]{subsection.3.1}{\376\377\000V\000i\000s\000\343\000o\000\040\000G\000e\000r\000a\000l\000\040\000d\000a\000\040\000A\000b\000o\000r\000d\000a\000g\000e\000m}{section.3}% 8
\BOOKMARK [2][-]{subsection.3.2}{\376\377\000G\000e\000r\000a\000\347\000\343\000o\000\040\000d\000e\000\040\000d\000a\000d\000o\000s\000\040\000d\000e\000\040\000s\000i\000m\000u\000l\000a\000\347\000\365\000e\000s}{section.3}% 9
\BOOKMARK [2][-]{subsection.3.3}{\376\377\000E\000n\000g\000e\000n\000h\000a\000r\000i\000a\000\040\000d\000e\000\040\000F\000e\000a\000t\000u\000r\000e\000s}{section.3}% 10
\BOOKMARK [2][-]{subsection.3.4}{\376\377\000T\000r\000e\000i\000n\000a\000m\000e\000n\000t\000o\000\040\000d\000o\000\040\000M\000o\000d\000e\000l\000o\000\040\000X\000G\000B\000o\000o\000s\000t}{section.3}% 11
\BOOKMARK [2][-]{subsection.3.5}{\376\377\000M\000\351\000t\000r\000i\000c\000a\000s\000\040\000d\000e\000\040\000A\000v\000a\000l\000i\000a\000\347\000\343\000o}{section.3}% 12
\BOOKMARK [1][-]{section.4}{\376\377\000R\000e\000s\000u\000l\000t\000a\000d\000o\000s\000\040\000E\000x\000p\000e\000r\000i\000m\000e\000n\000t\000a\000i\000s}{}% 13
\BOOKMARK [2][-]{subsection.4.1}{\376\377\000D\000e\000s\000e\000m\000p\000e\000n\000h\000o\000\040\000d\000e\000\040\000C\000l\000a\000s\000s\000i\000f\000i\000c\000a\000\347\000\343\000o}{section.4}% 14
\BOOKMARK [2][-]{subsection.4.2}{\376\377\000I\000m\000p\000o\000r\000t\000\342\000n\000c\000i\000a\000\040\000d\000a\000s\000\040\000F\000e\000a\000t\000u\000r\000e\000s}{section.4}% 15
\BOOKMARK [2][-]{subsection.4.3}{\376\377\000C\000o\000m\000p\000a\000r\000a\000\347\000\343\000o\000\040\000c\000o\000m\000\040\000B\000a\000s\000e\000l\000i\000n\000e\000s}{section.4}% 16
\BOOKMARK [2][-]{subsection.4.4}{\376\377\000A\000n\000\341\000l\000i\000s\000e\000\040\000d\000e\000\040\000R\000e\000s\000u\000l\000t\000a\000d\000o\000s}{section.4}% 17
\BOOKMARK [2][-]{subsection.4.5}{\376\377\000D\000i\000s\000c\000u\000s\000s\000\343\000o}{section.4}% 18
\BOOKMARK [1][-]{section.5}{\376\377\000C\000o\000n\000c\000l\000u\000s\000\343\000o}{}% 19
\BOOKMARK [2][-]{subsection.5.1}{\376\377\000P\000r\000i\000n\000c\000i\000p\000a\000i\000s\000\040\000C\000o\000n\000t\000r\000i\000b\000u\000i\000\347\000\365\000e\000s}{section.5}% 20
\BOOKMARK [2][-]{subsection.5.2}{\376\377\000L\000i\000m\000i\000t\000a\000\347\000\365\000e\000s}{section.5}% 21
\BOOKMARK [2][-]{subsection.5.3}{\376\377\000T\000r\000a\000b\000a\000l\000h\000o\000s\000\040\000F\000u\000t\000u\000r\000o\000s}{section.5}% 22
\BOOKMARK [1][-]{section*.1}{\376\377\000R\000E\000F\000E\000R\000\312\000N\000C\000I\000A\000S}{}% 23
